Page 1           Source Listing                  CALSTRM
2022-02-15 16:38                                 CALSTRM.f

      1       SUBROUTINE CALSTRM(Z1D,STRM)
      2 C$$$  SUBPROGRAM DOCUMENTATION BLOCK
      3 C                .      .    .     
      4 C SUBPROGRAM:    CALSTRM     COMPUTES GEO STREAMFUNCTION
      5 C   PRGRMMR: TREADON         ORG: W/NP2      DATE: 92-12-22
      6 C     
      7 C ABSTRACT:  
      8 C     THIS ROUTINE COMPUTES THE GEOSTROPHIC STREAMFUNCTION,
      9 C     PSI, FROM THE PASSED GEOPOTENTIAL HEIGHT FIELD, Z.  
     10 C     THE FORMULA USED IS PSI = G*Z/F0, WHERE G IS THE
     11 C     GRAVITATIONAL ACCELERATION CONSTANT AND F0 IS A 
     12 C     CONSTANT CORIOLIS PARAMETER.  F0 IS SET TO BE THE
     13 C     VALUE OF THE CORIOLIS PARAMETER ALONG THE CENTRAL
     14 C     (GEODETIC) LATITUDE (IE, TPH0D) OF THE MODEL GRID.
     15 C   .     
     16 C     
     17 C PROGRAM HISTORY LOG:
     18 C   92-12-22  RUSS TREADON
     19 C   98-06-08  T BLACK - CONVERSION FROM 1-D TO 2-D
     20 C   00-01-05  JIM TUCCILLO - MPI VERSION
     21 C     
     22 C USAGE:    CALL CALSTRM(Z1D,STRM)
     23 C   INPUT ARGUMENT LIST:
     24 C     Z1D      - GEOPOTENTIAL HEIGHT (M)
     25 C
     26 C   OUTPUT ARGUMENT LIST: 
     27 C     STRM     - GEOSTROPHIC STREAMFUNCTION
     28 C     
     29 C   OUTPUT FILES:
     30 C     NONE
     31 C     
     32 C   SUBPROGRAMS CALLED:
     33 C     UTILITIES:
     34 C       NONE
     35 C     LIBRARY:
     36 C       COMMON   - MAPOT
     37 C     
     38 C   ATTRIBUTES:
     39 C     LANGUAGE: FORTRAN
     40 C     MACHINE : CRAY C-90
     41 C$$$  
     42 C     
     43 C
     44 C     
     45 C     
     46 C     INCLUDE ETA GRID DIMENSIONS.  SET/DERIVE OTHER PARAMETERS.
     47 C     
     48       INCLUDE "parmeta"
     66       INCLUDE "params"
    108       PARAMETER (OMEGA=7.292E-5,TWOMG=2*OMEGA)
    109 C
    110 C     DECLARE VARIABLES.
    111 C     
    112       LOGICAL FIRST,OLDRD,RESTRT,RUN,SIGMA,STRD
    113       REAL Z1D(IM,JM),STRM(IM,JM)
    114 C     
    115 C     DECLARE COMMONS.

Page 2           Source Listing                  CALSTRM
2022-02-15 16:38                                 CALSTRM.f

    116       INCLUDE "MAPOT.comm"
    129       INCLUDE "CTLBLK.comm"
    130 C     
    131 C***************************************************************************
    132 C     START CALSTRM HERE.
    133 C     
    134 C     COMPUTE CORIOLIS PARAMETER ALONG CENTRAL GEODETIC 
    135 C     OF STAGGERED E-GRID LATITUDE.
    150       F0   = TWOMG*SIN(TPH0D*DTR)
    151       GOF0 = G/F0
    152 C     
    153 C     COMPUTE GEOSTROPHIC STREAMFUNCTION.
    154 !$omp  parallel do
    155       DO J=JSTA,JEND
    156       DO I=1,IM
    157         STRM(I,J)=GOF0*Z1D(I,J)
    158       ENDDO
    159       ENDDO
    160 C     
    161 C     END OF ROUTINE.
    162       RETURN
    163       END


ENTRY POINTS

  Name                
                      
 calstrm_             

Page 3           Source Listing                  CALSTRM
2022-02-15 16:38 Symbol Table                    CALSTRM.f



SYMBOL CROSS REFERENCE

 Name                       Object Declared Type            Bytes Dimen Elements Attributes       References                        
                                                                                                                                    
 A2                         Param  107      R(4)            4           scalar                                                      
 A3                         Param  107      R(4)            4           scalar                                                      
 A4                         Param  107      R(4)            4           scalar                                                      
 AD05                       Param  99       R(4)            4           scalar                                                      
 BETA                       Param  103      R(4)            4           scalar                    103                               
 BTG                        Param  103      R(4)            4           scalar                                                      
 CALSTRM                    Subr   1                                                                                                
 CAPA                       Param  94       R(4)            4           scalar                    101                               
 CFT0                       Param  99       R(4)            4           scalar                                                      
 CM1                        Param  89       R(4)            4           scalar                                                      
 CM2                        Param  89       R(4)            4           scalar                                                      
 CM3                        Param  89       R(4)            4           scalar                                                      
 CP                         Param  100      R(4)            4           scalar                    102,106                           
 CPDR                       Param  102      R(4)            4           scalar                                                      
 CTLBLK                     Common 137                                  96       SAVE                                               
 D00                        Param  91       R(4)            4           scalar                                                      
 D001                       Param  91       R(4)            4           scalar                                                      
 D0065                      Param  95       R(4)            4           scalar                                                      
 D01                        Param  91       R(4)            4           scalar                                                      
 D05                        Param  95       R(4)            4           scalar                    99                                
 D1                         Param  91       R(4)            4           scalar                                                      
 D115                       Param  95       R(4)            4           scalar                                                      
 D125                       Param  93       R(4)            4           scalar                                                      
 D25                        Param  93       R(4)            4           scalar                                                      
 D50                        Param  91       R(4)            4           scalar                                                      
 D608                       Param  95       R(4)            4           scalar                                                      
 DP10M                      Param  101      R(4)            4           scalar                                                      
 DTR                        Param  100      R(4)            4           scalar                    100,150                           
 ELDR                       Param  102      R(4)            4           scalar                                                      
 ELWV                       Param  102      R(4)            4           scalar                    102                               
 EPS                        Param  105      R(4)            4           scalar                    105                               
 EPSQ2                      Param  106      R(4)            4           scalar                                                      
 ERAD                       Param  100      R(4)            4           scalar                                                      
 F0                         Local  150      R(4)            4           scalar                    150,151                           
 FMD                        Param  105      R(4)            4           scalar                    105                               
 FMW                        Param  105      R(4)            4           scalar                    105                               
 G                          Param  98       R(4)            4           scalar                    98,151                            
 GI                         Param  98       R(4)            4           scalar                    102                               
 GOF0                       Local  151      R(4)            4           scalar                    151,157                           
 H1                         Param  92       R(4)            4           scalar                    99                                
 H100                       Param  93       R(4)            4           scalar                                                      
 H1000                      Param  93       R(4)            4           scalar                                                      
 H10000                     Param  94       R(4)            4           scalar                                                      
 H10E5                      Param  94       R(4)            4           scalar                                                      
 H1E2                       Param  96       R(4)            4           scalar                                                      
 H1E4                       Param  96       R(4)            4           scalar                                                      
 H1M12                      Param  92       R(4)            4           scalar                                                      
 H1M2                       Param  96       R(4)            4           scalar                                                      
 H1M5                       Param  93       R(4)            4           scalar                                                      
 H2                         Param  92       R(4)            4           scalar                                                      
 H4                         Param  92       R(4)            4           scalar                                                      

Page 4           Source Listing                  CALSTRM
2022-02-15 16:38 Symbol Table                    CALSTRM.f

 Name                       Object Declared Type            Bytes Dimen Elements Attributes       References                        
                                                                                                                                    
 H999                       Param  91       R(4)            4           scalar                                                      
 H99999                     Param  92       R(4)            4           scalar                                                      
 I                          Local  156      I(4)            4           scalar                    156,157                           
 IDIM1                      Param  62       I(4)            4           scalar                                                      
 IDIM2                      Param  62       I(4)            4           scalar                                                      
 IGSTL                      Param  57       I(4)            4           scalar                    62                                
 IGSTR                      Param  57       I(4)            4           scalar                    62                                
 IM                         Param  51       I(4)            4           scalar                    59,62,70,72,73,75,113,156         
 IM1                        Param  72       I(4)            4           scalar                                                      
 IMT                        Param  70       I(4)            4           scalar                                                      
 INPES                      Param  54       I(4)            4           scalar                    59,62                             
 ITAIL                      Param  59       I(4)            4           scalar                                                      
 J                          Local  155      I(4)            4           scalar                    155,157                           
 JAM                        Param  72       I(4)            4           scalar                                                      
 JDIM1                      Param  63       I(4)            4           scalar                                                      
 JDIM2                      Param  63       I(4)            4           scalar                                                      
 JGSTL                      Param  58       I(4)            4           scalar                    63                                
 JGSTR                      Param  58       I(4)            4           scalar                    63                                
 JM                         Param  51       I(4)            4           scalar                    60,63,70,72,75,113                
 JM2                        Param  72       I(4)            4           scalar                                                      
 JMT                        Param  70       I(4)            4           scalar                                                      
 JNPES                      Param  54       I(4)            4           scalar                    60,63                             
 JTAIL                      Param  60       I(4)            4           scalar                                                      
 KSAV                       Param  80       I(4)            4           scalar                                                      
 KSFI                       Param  79       I(4)            4           scalar                                                      
 KSLI                       Param  80       I(4)            4           scalar                                                      
 KSLP                       Param  80       I(4)            4           scalar                                                      
 KSLPD                      Param  79       I(4)            4           scalar                                                      
 KSMUD                      Param  79       I(4)            4           scalar                                                      
 KSRH                       Param  80       I(4)            4           scalar                                                      
 KSSLP                      Param  79       I(4)            4           scalar                                                      
 KST                        Param  79       I(4)            4           scalar                                                      
 KSUV                       Param  80       I(4)            4           scalar                                                      
 LB                         Param  75       I(4)            4           scalar                                                      
 LHEAT                      Param  106      I(4)            4           scalar                    106                               
 LHTOCP                     Param  106      I(4)            4           scalar                                                      
 LM                         Param  51       I(4)            4           scalar                    74,85,124                         
 LM1                        Param  74       I(4)            4           scalar                                                      
 LP1                        Param  74       I(4)            4           scalar                    124                               
 LSM                        Param  51       I(4)            4           scalar                    123                               
 MAPOT                      Common 118                                  1448     SAVE                                               
 NINC                       Param  73       I(4)            4           scalar                                                      
 NSTAT                      Param  85       I(4)            4           scalar                                                      
 NSUMD                      Param  81       I(4)            4           scalar                                                      
 NWORD                      Param  85       I(4)            4           scalar                    85                                
 NWORD3                     Param  85       I(4)            4           scalar                                                      
 NWORD6                     Param  85       I(4)            4           scalar                                                      
 OLDRD                      Local  112      L(4)            4           scalar                                                      
 OMEGA                      Param  108      R(4)            4           scalar                    108                               
 ONEPS                      Param  105      R(4)            4           scalar                                                      
 OVERRC                     Param  99       R(4)            4           scalar                    99                                
 P1000                      Param  101      R(4)            4           scalar                                                      
 PARALLEL                   Common 144                                  8240                                                        
 PQ0                        Param  107      R(4)            4           scalar                                                      
 RCAPA                      Param  101      R(4)            4           scalar                                                      

Page 5           Source Listing                  CALSTRM
2022-02-15 16:38 Symbol Table                    CALSTRM.f

 Name                       Object Declared Type            Bytes Dimen Elements Attributes       References                        
                                                                                                                                    
 RD                         Param  98       R(4)            4           scalar                    98,102,106                        
 RDOCP                      Param  106      R(4)            4           scalar                                                      
 RG                         Param  102      R(4)            4           scalar                                                      
 ROG                        Param  98       R(4)            4           scalar                                                      
 RTD                        Param  100      R(4)            4           scalar                                                      
 SIN                        Func   150                                  scalar                    150                               
 SMTHA                      Param  81       R(4)            4           scalar                                                      
 SMTHB                      Param  81       R(4)            4           scalar                                                      
 STRD                       Local  112      L(4)            4           scalar                                                      
 STRM                       Dummy  1        R(4)            4     2     91719    ARG,INOUT        157                               
 TFRZ                       Param  105      R(4)            4           scalar                                                      
 TWOMG                      Param  108      R(4)            4           scalar                    150                               
 Z1D                        Dummy  1        R(4)            4     2     91719    ARG,INOUT        157                               


TYPE COMPONENTS/COMMON VARIABLES

 Name                       Type            Bytes Offset   Dimen Elements Attributes       References                         
                                                                                                                              
 AETA                       R(4)            4     808      1     45       COM                                                 
 ALSL                       R(4)            4     472      1     39       COM                                                 
 CMLD                       R(4)            4     292            scalar   COM                                                 
 CPHI0                      R(4)            4     1420           scalar   COM                                                 
 DETA                       R(4)            4     628      1     45       COM                                                 
 DISLP                      R(4)            4     308            scalar   COM                                                 
 DLMD                       R(4)            4     284            scalar   COM                                                 
 DP30                       R(4)            4     296            scalar   COM                                                 
 DPHD                       R(4)            4     288            scalar   COM                                                 
 DT                         R(4)            4     48             scalar   COM                                                 
 ERLAM0                     R(4)            4     1416           scalar   COM                                                 
 ETA                        R(4)            4     988      1     46       COM                                                 
 FIRST                      L(4)            4     24             scalar   COM                                                 
 ICNT                       I(4)            4     40       1     1024     COM                                                 
 IDAT                       I(4)            4     8        1     3        COM                                                 
 IDN                        I(4)            4     36             scalar   COM                                                 
 IDSP                       I(4)            4     4136     1     1024     COM                                                 
 IDTAD                      I(4)            4     68             scalar   COM                                                 
 IHRST                      I(4)            4     20             scalar   COM                                                 
 IOUT                       I(4)            4     44             scalar   COM                                                 
 ISHDE                      I(4)            4     12       1     61       COM                                                 
 IUNIT                      I(4)            4     1440           scalar   COM                                                 
 IUP                        I(4)            4     32             scalar   COM                                                 
 IXM                        I(4)            4     4              scalar   COM                                                 
 IYM                        I(4)            4     8              scalar   COM                                                 
 JEND                       I(4)            4     12             scalar   COM              155                                
 JEND_2U                    I(4)            4     8236           scalar   COM                                                 
 JEND_M                     I(4)            4     20             scalar   COM                                                 
 JEND_M2                    I(4)            4     28             scalar   COM                                                 
 JSTA                       I(4)            4     8              scalar   COM              155                                
 JSTA_2L                    I(4)            4     8232           scalar   COM                                                 
 JSTA_M                     I(4)            4     16             scalar   COM                                                 
 JSTA_M2                    I(4)            4     24             scalar   COM                                                 
 KUNIT                      I(4)            4     1428           scalar   COM                                                 
 LIST                       I(4)            4     40             scalar   COM                                                 
 LSL                        I(4)            4     0              scalar   COM                                                 

Page 6           Source Listing                  CALSTRM
2022-02-15 16:38 Symbol Table                    CALSTRM.f

 Name                       Type            Bytes Offset   Dimen Elements Attributes       References                         
                                                                                                                              
 LUNIT                      I(4)            4     1432           scalar   COM                                                 
 ME                         I(4)            4     4              scalar   COM                                                 
 MUNIT                      I(4)            4     1436           scalar   COM                                                 
 NBC                        I(4)            4     36             scalar   COM                                                 
 NBOCO                      I(4)            4     72             scalar   COM                                                 
 NCP                        I(4)            4     80             scalar   COM                                                 
 NDDAMP                     I(4)            4     60             scalar   COM                                                 
 NFCST                      I(4)            4     32             scalar   COM                                                 
 NPHS                       I(4)            4     84             scalar   COM                                                 
 NPREC                      I(4)            4     64             scalar   COM                                                 
 NRADL                      I(4)            4     92             scalar   COM                                                 
 NRADS                      I(4)            4     88             scalar   COM                                                 
 NSHDE                      I(4)            4     76             scalar   COM                                                 
 NTSD                       I(4)            4     52             scalar   COM                                                 
 NTSTM                      I(4)            4     56             scalar   COM                                                 
 NUM_PROCS                  I(4)            4     0              scalar   COM                                                 
 NUNIT                      I(4)            4     1444           scalar   COM                                                 
 PT                         R(4)            4     260            scalar   COM                                                 
 R                          R(4)            4     256            scalar   COM                                                 
 RESTRT                     L(4)            4     28             scalar   COM                                                 
 RUN                        L(4)            4     4              scalar   COM                                                 
 SBD                        R(4)            4     272            scalar   COM                                                 
 SIGMA                      L(4)            4     0              scalar   COM                                                 
 SPHI0                      R(4)            4     1424           scalar   COM                                                 
 SPL                        R(4)            4     316      1     39       COM                                                 
 TLM0D                      R(4)            4     276            scalar   COM                                                 
 TPH0D                      R(4)            4     280            scalar   COM              150                                
 TSHDE                      R(4)            4     1172     1     61       COM                                                 
 TSPH                       R(4)            4     264            scalar   COM                                                 
 WBD                        R(4)            4     268            scalar   COM                                                 
 X1P                        R(4)            4     300            scalar   COM                                                 
 Y1P                        R(4)            4     304            scalar   COM                                                 
 Z0SLP                      R(4)            4     312            scalar   COM                                                 

Page 7           Source Listing                  CALSTRM
2022-02-15 16:38 Subprograms/Common Blocks       CALSTRM.f



SUBPROGRAMS/COMMON BLOCKS

 Name                       Object Declared Type            Bytes Dimen Elements Attributes       References                        
                                                                                                                                    
 CALSTRM                    Subr   1                                                                                                
 CTLBLK                     Common 137                                  96       SAVE                                               
 MAPOT                      Common 118                                  1448     SAVE                                               
 PARALLEL                   Common 144                                  8240                                                        

COMPILER OPTIONS BEING USED

       -align noall                          -align nonone
       -align nocommons                      -align nodcommons
       -align noqcommons                     -align nozcommons
       -align records                        -align nosequence
       -align norec1byte                     -align norec2byte
       -align norec4byte                     -align norec8byte
       -align norec16byte                    -align norec32byte
       -align norec64byte                    -align noarray8byte
       -align noarray16byte                  -align noarray32byte
       -align noarray64byte                  -align noarray128byte
       -align noarray256byte                 -altparam
       -assume accuracy_sensitive            -assume nobscc
       -assume nobuffered_io                 -assume nobuffered_stdout
       -assume byterecl                      -assume nocontiguous_assumed_shape
       -assume nocontiguous_pointer          -assume nocc_omp
       -assume nocstring                     -assume nodummy_aliases
       -assume nofpe_summary                 -assume noieee_fpe_flags
       -assume nominus0                      -assume noold_boz
       -assume old_complex_align             -assume old_unit_star
       -assume old_inquire_recl              -assume old_ldout_format
       -assume old_ldout_zero                -assume noold_logical_assign
       -assume noold_logical_ldio            -assume old_maxminloc
       -assume old_xor                       -assume noprotect_allocates
       -assume protect_constants             -assume noprotect_parens
       -assume split_common                  -assume source_include
       -assume nostd_intent_in               -assume std_minus0_rounding
       -assume nostd_mod_proc_name           -assume std_value
       -assume realloc_lhs                   -assume underscore
       -assume no2underscores                -assume norecursion
  no   -auto                                 -auto_scalar
  no   -bintext                              -ccdefault default
       -check noarg_temp_created             -check noassume
       -check nobounds                       -check nocontiguous
       -check noformat                       -check nooutput_conversion
       -check nooverflow                     -check nopointers
       -check noshape                        -check nostack
       -check nouninitialized                -check noudio_iostat
       -coarray-num-procs 0             no   -coarray-config-file
       -convert big_endian                   -cross_reference
       -D __INTEL_COMPILER=1910              -D __INTEL_COMPILER_UPDATE=3
       -D __unix__                           -D __unix
       -D __linux__                          -D __linux
       -D __gnu_linux__                      -D unix
       -D linux                              -D __ELF__

Page 8           Source Listing                  CALSTRM
2022-02-15 16:38                                 CALSTRM.f

       -D __x86_64                           -D __x86_64__
       -D __amd64                            -D __amd64__
       -D __INTEL_COMPILER_BUILD_DATE=20200925       -D __INTEL_OFFLOAD
       -D __MMX__                            -D __SSE__
       -D __SSE_MATH__                       -D __SSE2__
       -D __SSE2_MATH__                      -D __SSE3__
       -D __SSSE3__                          -D __SSE4_1__
       -D __SSE4_2__                         -D __POPCNT__
       -D __PCLMUL__                         -D __AES__
       -D __AVX__                            -D __F16C__
       -D __AVX_I__                          -D __RDRND__
       -D __FMA__                            -D __FP_FAST_FMA
       -D __FP_FAST_FMAF                     -D __BMI__
       -D __LZCNT__                          -D __AVX2__
       -D __haswell                          -D __haswell__
       -D __tune_haswell__                   -D __core_avx2
       -D __core_avx2__                      -D __tune_core_avx2__
       -D __CRAY_X86_ROME                    -D __CRAYXT_COMPUTE_LINUX_TARGET
       -double_size 64                  no   -d_lines
  no   -Qdyncom                              -error_limit 30
  no   -f66                             no   -f77rtl
  no   -fast                                 -fpscomp nofilesfromcmd
       -fpscomp nogeneral                    -fpscomp noioformat
       -fpscomp noldio_spacing               -fpscomp nologicals
       -fixed                           no   -fpconstant
       -fpe3                                 -fprm nearest
  no   -ftz                                  -fp_model noprecise
       -fp_model fast                        -fp_model nostrict
       -fp_model nosource                    -fp_model nodouble
       -fp_model noextended                  -fp_model novery_fast
       -fp_model noexcept                    -fp_model nono_except
       -heap_arrays 0                   no   -threadprivate_compat
       -g2                                   -iface nomixed_str_len_arg
       -iface nono_mixed_str_len_arg         -init noarrays
       -init nohuge                          -init noinfinity
       -init nominus_huge                    -init nominus_infinity
       -init nominus_tiny                    -init nonan
       -init nosnan                          -init notiny
       -init nozero                     no   -intconstant
       -integer_size 32                 no   -mixed_str_len_arg
  no   -module                               -names lowercase
  no   -noinclude                       no   -o
       -offload-build=host                   -openmp-simd
       -O2                              no   -pad_source
       -real_size 32                    no   -recursive
       -reentrancy threaded                  -vec=simd
       -show nofullpath                      -show noinclude
       -show map                             -show options
  no   -syntax_only                     no   -threadcom
  no   -U                               no   -vms
       -w noall                              -w nonone
       -w alignments                         -w nodeclarations
       -w noexternals                        -w general
       -w noignore_bounds                    -w noignore_loc
       -w nointerfaces                       -w noshape
       -w notruncated_source                 -w uncalled
       -w uninitialized                      -w nounused

Page 9           Source Listing                  CALSTRM
2022-02-15 16:38                                 CALSTRM.f

       -w usage                         no   -wrap-margins

       -includepath : /pe/intel/compilers_and_libraries_2020.4.304/linux/pstl/include/,/pe/intel/compilers_and_libraries_2020.4.304/linux/compiler/include/,
           .f90,./.f90,/opt/cray/pe/mpich/8.1.9/ofi/intel/19.0/include/.f90,/pe/intel/compilers_and_libraries_2020.4.304/linux/ipp/include/.f90,
           /pe/intel/compilers_and_libraries_2020.4.304/linux/mkl/include/.f90,/pe/intel/compilers_and_libraries_2020.4.304/linux/pstl/include/.f90,
           /pe/intel/compilers_and_libraries_2020.4.304/linux/pstl/stdlib/.f90,/pe/intel/compilers_and_libraries_2020.4.304/linux/tbb/include/.f90,
           /pe/intel/compilers_and_libraries_2020.4.304/linux/compiler/include/intel64/.f90,/pe/intel/compilers_and_libraries_2020.4.304/linux/compiler/include/icc/.f90,
           /pe/intel/compilers_and_libraries_2020.4.304/linux/compiler/include/.f90,/usr/lib64/gcc/x86_64-suse-linux/7/include/.f90,
           /usr/lib64/gcc/x86_64-suse-linux/7/include-fixed/.f90,/usr/include/.f90,/usr/include/.f90,/usr/include/.f90
       -list filename : CALSTRM.lst
  no   -o

COMPILER: Intel(R) Fortran 19.1-1655
